node.exe : Vercel CLI 
50.22.1
At line:1 char:1
+ & "C:\Program 
Files\nodejs/node.exe" 
"C:\Program 
Files\nodejs/node_mo ...
+ ~~~~~~~~~~~~~~~~~~~~~~~
~~~~~~~~~~~~~~~~~~~~~~~~~
~~~~~~~~~~~~~~~~~~~~~
    + CategoryInfo       
       : NotSpecified:   
  (Vercel CLI 50.22.1:   
 String) [], RemoteEx    
ception
    + FullyQualifiedErro 
   rId : NativeCommandE  
  rror
 
WARN! Build not running 
on Vercel. System 
environment variables 
will not be available.
WARNING: You should not 
upload the `.next` 
directory.
Running "install" command: `npm install`...

> tsg-us@0.1.0 postinstall
> prisma generate

Environment variables loaded from .env
Prisma schema loaded from prisma\schema.prisma

Γ£ö Generated Prisma Client (v6.4.1) to .\node_modules\@prisma\client in 142ms

Start by importing your Prisma Client (See: https://pris.ly/d/importing-client)

Tip: Want real-time updates to your database without manual polling? Discover how with Pulse: https://pris.ly/tip-0-pulse


up to date, audited 443 packages in 6s

150 packages are looking for funding
  run `npm fund` for details

15 vulnerabilities (1 moderate, 14 high)

To address issues that do not require attention, run:
  npm audit fix

To address all issues (including breaking changes), run:
  npm audit fix --force

Run `npm audit` for details.
Detected Next.js version: 16.1.6
Running "npx prisma generate && next build"
Error: spawn cmd.exe 
ENOENT
